I'm sorry, but errors were detected in your script. Please correct the
errors listed below, and try again.


File "game/script.rpy", line 706: Indentation mismatch.

Ren'Py Version: Ren'Py 8.1.3.23091805
Mon Jan  6 01:34:13 2025
